
[7m[1m[36m RUN [39m[22m[27m [36mv1.6.1[39m [90mD:/bluestack/project1[39m

 [33mΓ¥»[39m src/tests/scoring.test.ts [2m ([22m[2m11 tests[22m [2m|[22m [31m1 failed[39m[2m)[22m[90m 10[2mms[22m[39m
[31m   [33mΓ¥»[31m src/tests/scoring.test.ts[2m > [22mScoring System[2m > [22mshould handle zero time limit gracefully[39m
[31m     ΓåÆ expected NaN to be greater than or equal to 10[39m

node.exe : [31mΓÄ»ΓÄ
»ΓÄ»ΓÄ»ΓÄ»ΓÄ»ΓÄ»[1m
[7m Failed Tests 1 [
27m[22mΓÄ»ΓÄ»ΓÄ»ΓÄ»Γ
Ä»ΓÄ»ΓÄ»[39m
At line:1 char:1
+ & "C:\Program Files
\nodejs/node.exe" 
"C:\Program 
Files\nodejs/node_mo 
...
+ ~~~~~~~~~~~~~~~~~~~
~~~~~~~~~~~~~~~~~~~~~
~~~~~~~~~~~~~~~~~~~~~
~~~~~~~~
    + CategoryInfo   
           : NotSpe  
  cified: ([31mΓÄ   
 »ΓÄ»ΓÄ»Γ...»ΓÄ»Γ    
Ä»ΓÄ»[39m:Strin    
g) [], RemoteExc    
eption
    + FullyQualified 
   ErrorId : Native  
  CommandError
 

[31m[1m[7m FAIL 
[27m[22m[39m src/t
ests/scoring.test.ts
[2m > [22mScoring 
System[2m > 
[22mshould handle 
zero time limit 
gracefully
[31m[1mAssertionErr
or[22m: expected 
NaN to be greater 
than or equal to 
10[39m
[36m [2mΓ¥»[22m sr
c/tests/scoring.test.
ts:[2m133:24[22m[3
9m
    [90m131| [39m
    [90m132| [39m  
      [90m// Should 
not throw, should 
return a reasonable 
value[39m
    [90m133| [39m  
      [34mexpect[39
m(result)[33m.[39m
[34mtoBeGreaterThanOr
Equal[39m([34m10[3
9m)[33m;[39m
    [90m   | [39m  
                     
[31m^[39m
    [90m134| [39m  
  })[33m;[39m
    [90m135| [39m

[31m[2mΓÄ»ΓÄ»ΓÄ»ΓÄ»
ΓÄ»ΓÄ»ΓÄ»ΓÄ»ΓÄ»ΓÄ»ΓÄ»
ΓÄ»ΓÄ»ΓÄ»ΓÄ»ΓÄ»ΓÄ»ΓÄ»
ΓÄ»ΓÄ»ΓÄ»ΓÄ»ΓÄ»ΓÄ»[1/
1]ΓÄ»[22m[39m

[2m Test Files [22m [1m[31m1 failed[39m[22m[90m (1)[39m
[2m      Tests [22m [1m[31m1 failed[39m[22m[2m | [22m[1m[32m10 passed[39m[22m[90m (11)[39m
[2m   Start at [22m 12:35:02
[2m   Duration [22m 3.10s[2m (transform 119ms, setup 209ms, collect 89ms, tests 10ms, environment 1.05s, prepare 1.13s)[22m

